# serializer version: 1
# name: test_colors_snapshot
  '''
  [ColorEffects:Disabled]
  Color=56,56,56
  ColorAmount=0
  ColorEffect=0
  ContrastAmount=0.65
  ContrastEffect=1
  IntensityAmount=0.1
  IntensityEffect=2
  
  [ColorEffects:Inactive]
  ChangeSelectionColor=true
  Color=112,111,110
  ColorAmount=0.025
  ColorEffect=2
  ContrastAmount=0.1
  ContrastEffect=2
  Enable=false
  IntensityAmount=0
  IntensityEffect=0
  
  [Colors:Button]
  BackgroundAlternate=127,127,127
  BackgroundNormal=134,134,134
  DecorationFocus=61,174,233
  DecorationHover=61,174,233
  ForegroundActive=0,0,0
  ForegroundInactive=27,27,27
  ForegroundLink=41,128,185
  ForegroundNegative=218,68,83
  ForegroundNeutral=246,116,0
  ForegroundNormal=0,0,0
  ForegroundPositive=39,174,96
  ForegroundVisited=155,89,182
  
  [Colors:Complementary]
  BackgroundAlternate=36,36,36
  BackgroundNormal=30,30,30
  DecorationFocus=61,174,233
  DecorationHover=61,174,233
  ForegroundActive=61,174,233
  ForegroundInactive=154,154,154
  ForegroundLink=41,128,185
  ForegroundNegative=218,68,83
  ForegroundNeutral=246,116,0
  ForegroundNormal=255,255,255
  ForegroundPositive=39,174,96
  ForegroundVisited=155,89,182
  
  [Colors:Header]
  BackgroundAlternate=125,125,125
  BackgroundNormal=119,119,119
  DecorationFocus=61,174,233
  DecorationHover=61,174,233
  ForegroundActive=0,0,0
  ForegroundInactive=6,6,6
  ForegroundLink=41,128,185
  ForegroundNegative=218,68,83
  ForegroundNeutral=246,116,0
  ForegroundNormal=0,0,0
  ForegroundPositive=39,174,96
  ForegroundVisited=155,89,182
  
  [Colors:Header][Inactive]
  BackgroundAlternate=130,130,130
  BackgroundNormal=124,124,124
  DecorationFocus=61,174,233
  DecorationHover=61,174,233
  ForegroundActive=0,0,0
  ForegroundInactive=12,12,12
  ForegroundLink=41,128,185
  ForegroundNegative=218,68,83
  ForegroundNeutral=246,116,0
  ForegroundNormal=0,0,0
  ForegroundPositive=39,174,96
  ForegroundVisited=155,89,182
  
  [Colors:Selection]
  BackgroundAlternate=58,167,223
  BackgroundNormal=61,174,233
  DecorationFocus=61,174,233
  DecorationHover=61,174,233
  ForegroundActive=0,0,0
  ForegroundInactive=21,61,82
  ForegroundLink=41,128,185
  ForegroundNegative=218,68,83
  ForegroundNeutral=246,116,0
  ForegroundNormal=0,0,0
  ForegroundPositive=39,174,96
  ForegroundVisited=155,89,182
  
  [Colors:Tooltip]
  BackgroundAlternate=133,133,133
  BackgroundNormal=139,139,139
  DecorationFocus=61,174,233
  DecorationHover=61,174,233
  ForegroundActive=0,0,0
  ForegroundInactive=35,35,35
  ForegroundLink=41,128,185
  ForegroundNegative=218,68,83
  ForegroundNeutral=246,116,0
  ForegroundNormal=0,0,0
  ForegroundPositive=39,174,96
  ForegroundVisited=155,89,182
  
  [Colors:View]
  BackgroundAlternate=139,139,139
  BackgroundNormal=146,146,146
  DecorationFocus=61,174,233
  DecorationHover=61,174,233
  ForegroundActive=0,0,0
  ForegroundInactive=37,37,37
  ForegroundLink=41,128,185
  ForegroundNegative=218,68,83
  ForegroundNeutral=246,116,0
  ForegroundNormal=0,0,0
  ForegroundPositive=39,174,96
  ForegroundVisited=155,89,182
  
  [Colors:Window]
  BackgroundAlternate=30,34,40
  BackgroundNormal=30,34,40
  DecorationFocus=61,174,233
  DecorationHover=61,174,233
  ForegroundActive=255,255,255
  ForegroundInactive=220,220,220
  ForegroundLink=41,128,185
  ForegroundNegative=218,68,83
  ForegroundNeutral=246,116,0
  ForegroundNormal=220,220,220
  ForegroundPositive=39,174,96
  ForegroundVisited=155,89,182
  
  [General]
  ColorScheme=themey_TestStyle
  Name=TestStyle (themey)
  shadeSortColumn=true
  
  [KDE]
  contrast=4
  
  [WM]
  activeBackground=64,64,64
  activeBlend=64,64,64
  activeForeground=255,255,255
  inactiveBackground=128,128,128
  inactiveBlend=128,128,128
  inactiveForeground=0,0,0
  
  '''
# ---
# name: test_metadata_json_snapshot
  '''
  {
      "KPackageStructure": "Plasma/Theme",
      "KPlugin": {
          "Authors": [
              {
                  "Name": "unknown"
              }
          ],
          "EnabledByDefault": true,
          "Id": "themey_TestStyle",
          "License": "GPL",
          "Name": "TestStyle (themey)",
          "Version": "1.0"
      },
      "X-Plasma-API": "5.0",
      "X-Themey-TasksHover": false
  }
  
  '''
# ---
# name: test_plasmarc_snapshot
  '''
  [AdaptiveTransparency]
  enabled=true
  
  [ContrastEffect]
  enabled=true
  contrast=1.0
  saturation=1.5
  
  '''
# ---
